MO ClockRatio NULL ClockRatio.v vlg5F/_clock_ratio.bin 1417641892
MO StaticCounter NULL StaticCounter.v vlg24/_static_counter.bin 1417641892
MO snake_game NULL snake_game.v vlg7F/snake__game.bin 1417641892
MO snake_mem NULL ipcore_dir/snake_mem.v vlg7C/snake__mem.bin 1417641892
MO top NULL top.v vlg6F/top.bin 1417641892
MO snake NULL snake.v vlg6E/snake.bin 1417641892
MO screen_mem_i NULL ipcore_dir/screen_mem_i.v vlg72/screen__mem__i.bin 1417641892
MO coin NULL coin.v vlg29/coin.bin 1417641892
MO Sync NULL Sync.v vlg61/_sync.bin 1417641892
