--------------------------------------------------------------------------------
Release 14.7 Trace  (nt64)
Copyright (c) 1995-2013 Xilinx, Inc.  All rights reserved.

C:\Xilinx\14.7\ISE_DS\ISE\bin\nt64\unwrapped\trce.exe -intstyle ise -v 3 -s 5
-n 3 -fastpaths -xml pong.twx pong.ncd -o pong.twr pong.pcf -ucf fpga.ucf

Design file:              pong.ncd
Physical constraint file: pong.pcf
Device,package,speed:     xc3s100e,cp132,-5 (PRODUCTION 1.27 2013-10-13)
Report level:             verbose report

Environment Variable      Effect 
--------------------      ------ 
NONE                      No environment variables were set
--------------------------------------------------------------------------------

INFO:Timing:2698 - No timing constraints found, doing default enumeration.
INFO:Timing:3412 - To improve timing, see the Timing Closure User Guide (UG612).
INFO:Timing:2752 - To get complete path coverage, use the unconstrained paths 
   option. All paths that are not constrained will be reported in the 
   unconstrained paths section(s) of the report.
INFO:Timing:3339 - The clock-to-out numbers in this timing report are based on 
   a 50 Ohm transmission line loading model.  For the details of this model, 
   and for more information on accounting for different loading conditions, 
   please see the device datasheet.
INFO:Timing:3390 - This architecture does not support a default System Jitter 
   value, please add SYSTEM_JITTER constraint to the UCF to modify the Clock 
   Uncertainty calculation.
INFO:Timing:3389 - This architecture does not support 'Discrete Jitter' and 
   'Phase Error' calculations, these terms will be zero in the Clock 
   Uncertainty calculation.  Please make appropriate modification to 
   SYSTEM_JITTER to account for the unsupported Discrete Jitter and Phase 
   Error.



Data Sheet report:
-----------------
All values displayed in nanoseconds (ns)

Setup/Hold to clock mclk
------------+------------+------------+------------------+--------+
            |Max Setup to|Max Hold to |                  | Clock  |
Source      | clk (edge) | clk (edge) |Internal Clock(s) | Phase  |
------------+------------+------------+------------------+--------+
btn<0>      |    3.360(R)|    4.017(R)|Led_0_OBUF        |   0.000|
btn<1>      |    3.583(R)|    3.763(R)|Led_0_OBUF        |   0.000|
btn<2>      |    3.081(R)|    3.734(R)|Led_0_OBUF        |   0.000|
btn<3>      |    3.229(R)|    2.399(R)|Led_0_OBUF        |   0.000|
sw<1>       |    1.736(R)|   -0.293(R)|mclk_IBUF         |   0.000|
sw<2>       |    1.447(R)|   -0.061(R)|mclk_IBUF         |   0.000|
sw<3>       |    0.926(R)|    0.355(R)|mclk_IBUF         |   0.000|
sw<4>       |    0.937(R)|    0.345(R)|mclk_IBUF         |   0.000|
sw<5>       |    0.541(R)|    0.661(R)|mclk_IBUF         |   0.000|
sw<6>       |    0.723(R)|    0.516(R)|mclk_IBUF         |   0.000|
sw<7>       |    1.279(R)|    0.859(R)|mclk_IBUF         |   0.000|
------------+------------+------------+------------------+--------+

Setup/Hold to clock sw<0>
------------+------------+------------+------------------+--------+
            |Max Setup to|Max Hold to |                  | Clock  |
Source      | clk (edge) | clk (edge) |Internal Clock(s) | Phase  |
------------+------------+------------+------------------+--------+
btn<0>      |    5.181(R)|    1.741(R)|Led_0_OBUF        |   0.000|
btn<1>      |    5.404(R)|    1.487(R)|Led_0_OBUF        |   0.000|
btn<2>      |    4.902(R)|    1.458(R)|Led_0_OBUF        |   0.000|
btn<3>      |    5.050(R)|    0.123(R)|Led_0_OBUF        |   0.000|
------------+------------+------------+------------------+--------+

Clock mclk to Pad
------------+------------+------------------+--------+
            | clk (edge) |                  | Clock  |
Destination |   to PAD   |Internal Clock(s) | Phase  |
------------+------------+------------------+--------+
Led<0>      |   13.343(R)|Led_0_OBUF        |   0.000|
            |    8.377(R)|mclk_IBUF         |   0.000|
OutBlue<1>  |   10.635(R)|mclk_IBUF         |   0.000|
OutBlue<2>  |   11.108(R)|mclk_IBUF         |   0.000|
OutGreen<0> |   10.876(R)|mclk_IBUF         |   0.000|
OutGreen<1> |   10.794(R)|mclk_IBUF         |   0.000|
OutGreen<2> |   10.599(R)|mclk_IBUF         |   0.000|
OutRed<0>   |   11.380(R)|mclk_IBUF         |   0.000|
OutRed<1>   |   10.830(R)|mclk_IBUF         |   0.000|
OutRed<2>   |   10.802(R)|mclk_IBUF         |   0.000|
------------+------------+------------------+--------+

Clock sw<0> to Pad
------------+------------+------------------+--------+
            | clk (edge) |                  | Clock  |
Destination |   to PAD   |Internal Clock(s) | Phase  |
------------+------------+------------------+--------+
Led<0>      |   11.067(R)|Led_0_OBUF        |   0.000|
------------+------------+------------------+--------+

Clock to Setup on destination clock mclk
---------------+---------+---------+---------+---------+
               | Src:Rise| Src:Fall| Src:Rise| Src:Fall|
Source Clock   |Dest:Rise|Dest:Rise|Dest:Fall|Dest:Fall|
---------------+---------+---------+---------+---------+
mclk           |   32.756|         |         |         |
sw<0>          |   32.756|    1.891|         |         |
---------------+---------+---------+---------+---------+

Clock to Setup on destination clock sw<0>
---------------+---------+---------+---------+---------+
               | Src:Rise| Src:Fall| Src:Rise| Src:Fall|
Source Clock   |Dest:Rise|Dest:Rise|Dest:Fall|Dest:Fall|
---------------+---------+---------+---------+---------+
mclk           |   11.794|         |         |         |
sw<0>          |   11.794|         |         |         |
---------------+---------+---------+---------+---------+

Pad to Pad
---------------+---------------+---------+
Source Pad     |Destination Pad|  Delay  |
---------------+---------------+---------+
mclk           |Led<0>         |    8.402|
sw<0>          |Led<0>         |    6.126|
---------------+---------------+---------+


Analysis completed Mon Oct 13 20:58:08 2014 
--------------------------------------------------------------------------------

Trace Settings:
-------------------------
Trace Settings 

Peak Memory Usage: 174 MB



