--------------------------------------------------------------------------------
Release 14.7 Trace  (nt64)
Copyright (c) 1995-2013 Xilinx, Inc.  All rights reserved.

C:\Xilinx\14.7\ISE_DS\ISE\bin\nt64\unwrapped\trce.exe -intstyle ise -v 3 -s 5
-n 3 -fastpaths -xml pong.twx pong.ncd -o pong.twr pong.pcf -ucf fpga.ucf

Design file:              pong.ncd
Physical constraint file: pong.pcf
Device,package,speed:     xc3s100e,cp132,-5 (PRODUCTION 1.27 2013-10-13)
Report level:             verbose report

Environment Variable      Effect 
--------------------      ------ 
NONE                      No environment variables were set
--------------------------------------------------------------------------------

INFO:Timing:2698 - No timing constraints found, doing default enumeration.
INFO:Timing:3412 - To improve timing, see the Timing Closure User Guide (UG612).
INFO:Timing:2752 - To get complete path coverage, use the unconstrained paths 
   option. All paths that are not constrained will be reported in the 
   unconstrained paths section(s) of the report.
INFO:Timing:3339 - The clock-to-out numbers in this timing report are based on 
   a 50 Ohm transmission line loading model.  For the details of this model, 
   and for more information on accounting for different loading conditions, 
   please see the device datasheet.
INFO:Timing:3390 - This architecture does not support a default System Jitter 
   value, please add SYSTEM_JITTER constraint to the UCF to modify the Clock 
   Uncertainty calculation.
INFO:Timing:3389 - This architecture does not support 'Discrete Jitter' and 
   'Phase Error' calculations, these terms will be zero in the Clock 
   Uncertainty calculation.  Please make appropriate modification to 
   SYSTEM_JITTER to account for the unsupported Discrete Jitter and Phase 
   Error.



Data Sheet report:
-----------------
All values displayed in nanoseconds (ns)

Setup/Hold to clock mclk
------------+------------+------------+------------------+--------+
            |Max Setup to|Max Hold to |                  | Clock  |
Source      | clk (edge) | clk (edge) |Internal Clock(s) | Phase  |
------------+------------+------------+------------------+--------+
btn<0>      |    1.556(R)|    4.270(R)|Led_0_OBUF        |   0.000|
btn<1>      |    1.685(R)|    3.993(R)|Led_0_OBUF        |   0.000|
btn<2>      |    2.682(R)|    3.574(R)|Led_0_OBUF        |   0.000|
btn<3>      |    2.742(R)|    3.235(R)|Led_0_OBUF        |   0.000|
sw<1>       |    1.781(R)|   -0.328(R)|mclk_IBUF         |   0.000|
sw<2>       |    1.123(R)|    0.197(R)|mclk_IBUF         |   0.000|
sw<3>       |    0.692(R)|    0.542(R)|mclk_IBUF         |   0.000|
sw<4>       |    0.716(R)|    0.523(R)|mclk_IBUF         |   0.000|
sw<5>       |    0.439(R)|    0.745(R)|mclk_IBUF         |   0.000|
sw<6>       |    0.694(R)|    0.541(R)|mclk_IBUF         |   0.000|
sw<7>       |    0.183(R)|    4.362(R)|Led_0_OBUF        |   0.000|
            |    2.426(R)|   -0.321(R)|mclk_IBUF         |   0.000|
------------+------------+------------+------------------+--------+

Setup/Hold to clock sw<0>
------------+------------+------------+------------------+--------+
            |Max Setup to|Max Hold to |                  | Clock  |
Source      | clk (edge) | clk (edge) |Internal Clock(s) | Phase  |
------------+------------+------------+------------------+--------+
btn<0>      |    1.500(R)|    4.341(R)|Led_0_OBUF        |   0.000|
btn<1>      |    1.629(R)|    4.064(R)|Led_0_OBUF        |   0.000|
btn<2>      |    2.626(R)|    3.645(R)|Led_0_OBUF        |   0.000|
btn<3>      |    2.686(R)|    3.306(R)|Led_0_OBUF        |   0.000|
sw<7>       |    0.127(R)|    4.433(R)|Led_0_OBUF        |   0.000|
------------+------------+------------+------------------+--------+

Clock mclk to Pad
------------+------------+------------------+--------+
            | clk (edge) |                  | Clock  |
Destination |   to PAD   |Internal Clock(s) | Phase  |
------------+------------+------------------+--------+
Led<0>      |   10.164(R)|mclk_IBUF         |   0.000|
OutBlue<1>  |   11.105(R)|mclk_IBUF         |   0.000|
OutBlue<2>  |   11.048(R)|mclk_IBUF         |   0.000|
OutGreen<0> |   10.864(R)|mclk_IBUF         |   0.000|
OutGreen<1> |   11.053(R)|mclk_IBUF         |   0.000|
OutGreen<2> |   10.875(R)|mclk_IBUF         |   0.000|
OutRed<0>   |   11.349(R)|mclk_IBUF         |   0.000|
OutRed<1>   |   11.361(R)|mclk_IBUF         |   0.000|
OutRed<2>   |   10.812(R)|mclk_IBUF         |   0.000|
------------+------------+------------------+--------+

Clock to Setup on destination clock mclk
---------------+---------+---------+---------+---------+
               | Src:Rise| Src:Fall| Src:Rise| Src:Fall|
Source Clock   |Dest:Rise|Dest:Rise|Dest:Fall|Dest:Fall|
---------------+---------+---------+---------+---------+
mclk           |   30.060|         |         |         |
sw<0>          |   30.060|    1.375|         |         |
---------------+---------+---------+---------+---------+

Clock to Setup on destination clock sw<0>
---------------+---------+---------+---------+---------+
               | Src:Rise| Src:Fall| Src:Rise| Src:Fall|
Source Clock   |Dest:Rise|Dest:Rise|Dest:Fall|Dest:Fall|
---------------+---------+---------+---------+---------+
mclk           |   11.372|         |         |         |
sw<0>          |   11.372|         |         |         |
---------------+---------+---------+---------+---------+

Pad to Pad
---------------+---------------+---------+
Source Pad     |Destination Pad|  Delay  |
---------------+---------------+---------+
mclk           |Led<0>         |    7.557|
sw<0>          |Led<0>         |    7.628|
---------------+---------------+---------+


Analysis completed Mon Oct 13 19:30:39 2014 
--------------------------------------------------------------------------------

Trace Settings:
-------------------------
Trace Settings 

Peak Memory Usage: 167 MB



