Release 14.7 - xst P.20131013 (nt64)
Copyright (c) 1995-2013 Xilinx, Inc.  All rights reserved.
--> Parameter TMPDIR set to xst/projnav.tmp


Total REAL time to Xst completion: 0.00 secs
Total CPU time to Xst completion: 0.11 secs
 
--> Parameter xsthdpdir set to xst


Total REAL time to Xst completion: 0.00 secs
Total CPU time to Xst completion: 0.11 secs
 
--> Reading design: top.prj

TABLE OF CONTENTS
  1) Synthesis Options Summary
  2) HDL Compilation
  3) Design Hierarchy Analysis
  4) HDL Analysis
  5) HDL Synthesis
     5.1) HDL Synthesis Report
  6) Advanced HDL Synthesis
     6.1) Advanced HDL Synthesis Report
  7) Low Level Synthesis
  8) Partition Report
  9) Final Report
	9.1) Device utilization summary
	9.2) Partition Resource Summary
	9.3) TIMING REPORT


=========================================================================
*                      Synthesis Options Summary                        *
=========================================================================
---- Source Parameters
Input File Name                    : "top.prj"
Input Format                       : mixed
Ignore Synthesis Constraint File   : NO

---- Target Parameters
Output File Name                   : "top"
Output Format                      : NGC
Target Device                      : xc3s100e-5-cp132

---- Source Options
Top Module Name                    : top
Automatic FSM Extraction           : YES
FSM Encoding Algorithm             : Auto
Safe Implementation                : No
FSM Style                          : LUT
RAM Extraction                     : Yes
RAM Style                          : Auto
ROM Extraction                     : Yes
Mux Style                          : Auto
Decoder Extraction                 : YES
Priority Encoder Extraction        : Yes
Shift Register Extraction          : YES
Logical Shifter Extraction         : YES
XOR Collapsing                     : YES
ROM Style                          : Auto
Mux Extraction                     : Yes
Resource Sharing                   : YES
Asynchronous To Synchronous        : NO
Multiplier Style                   : Auto
Automatic Register Balancing       : No

---- Target Options
Add IO Buffers                     : YES
Global Maximum Fanout              : 100000
Add Generic Clock Buffer(BUFG)     : 24
Register Duplication               : YES
Slice Packing                      : YES
Optimize Instantiated Primitives   : NO
Use Clock Enable                   : Yes
Use Synchronous Set                : Yes
Use Synchronous Reset              : Yes
Pack IO Registers into IOBs        : Auto
Equivalent register Removal        : YES

---- General Options
Optimization Goal                  : Speed
Optimization Effort                : 1
Keep Hierarchy                     : No
Netlist Hierarchy                  : As_Optimized
RTL Output                         : Yes
Global Optimization                : AllClockNets
Read Cores                         : YES
Write Timing Constraints           : NO
Cross Clock Analysis               : NO
Hierarchy Separator                : /
Bus Delimiter                      : <>
Case Specifier                     : Maintain
Slice Utilization Ratio            : 100
BRAM Utilization Ratio             : 100
Verilog 2001                       : YES
Auto BRAM Packing                  : NO
Slice Utilization Ratio Delta      : 5

---- Other Options
Cores Search Directories           : {"ipcore_dir"  }

=========================================================================


=========================================================================
*                          HDL Compilation                              *
=========================================================================
Compiling verilog file "StaticCounter.v" in library work
Compiling verilog file "ipcore_dir/snake_mem.v" in library work
Module <StaticCounter> compiled
Compiling verilog file "snake.v" in library work
Module <snake_mem> compiled
Compiling verilog file "top.v" in library work
Module <snake> compiled
Module <top> compiled
No errors in compilation
Analysis of file <"top.prj"> succeeded.
 

=========================================================================
*                     Design Hierarchy Analysis                         *
=========================================================================
Analyzing hierarchy for module <top> in library <work> with parameters.
	H = "00000000000000000000000000100000"
	V = "00000000000000000000000000100000"
	down = "00000000000000000000000000000011"
	left = "00000000000000000000000000000010"
	right = "00000000000000000000000000000000"
	up = "00000000000000000000000000000001"

Analyzing hierarchy for module <snake> in library <work> with parameters.
	H = "00000000000000000000000000100000"
	V = "00000000000000000000000000100000"
	addrBits = "00000000000000000000000000001010"
	down = "00000000000000000000000000000011"
	left = "00000000000000000000000000000010"
	right = "00000000000000000000000000000000"
	up = "00000000000000000000000000000001"
	xBits = "00000000000000000000000000000101"
	yBits = "00000000000000000000000000000101"

Analyzing hierarchy for module <StaticCounter> in library <work> with parameters.
	numLength = "00000000000000000000000000001010"
	upTo = "00000000000000000000001111111111"


=========================================================================
*                            HDL Analysis                               *
=========================================================================
Analyzing top module <top>.
	Calling function <logb2>.
	Calling function <logb2>.
	H = 32'sb00000000000000000000000000100000
	V = 32'sb00000000000000000000000000100000
	down = 32'sb00000000000000000000000000000011
	left = 32'sb00000000000000000000000000000010
	right = 32'sb00000000000000000000000000000000
	up = 32'sb00000000000000000000000000000001
Module <top> is correct for synthesis.
 
Analyzing module <snake> in library <work>.
	Calling function <logb2>.
	Calling function <logb2>.
	H = 32'sb00000000000000000000000000100000
	V = 32'sb00000000000000000000000000100000
	addrBits = 32'sb00000000000000000000000000001010
	down = 32'sb00000000000000000000000000000011
	left = 32'sb00000000000000000000000000000010
	right = 32'sb00000000000000000000000000000000
	up = 32'sb00000000000000000000000000000001
	xBits = 32'sb00000000000000000000000000000101
	yBits = 32'sb00000000000000000000000000000101
WARNING:Xst:2211 - "ipcore_dir/snake_mem.v" line 67: Instantiating black box module <snake_mem>.
Module <snake> is correct for synthesis.
 
Analyzing module <StaticCounter> in library <work>.
	Calling function <logb2>.
	numLength = 32'sb00000000000000000000000000001010
	upTo = 32'sb00000000000000000000001111111111
Module <StaticCounter> is correct for synthesis.
 

=========================================================================
*                           HDL Synthesis                               *
=========================================================================

Performing bidirectional port resolution...

Synthesizing Unit <StaticCounter>.
    Related source file is "StaticCounter.v".
    Found 11-bit adder for signal <$add0000> created at line 47.
    Found 11-bit register for signal <prePowerOfTwoGen.internalCount>.
    Summary:
	inferred  11 D-type flip-flop(s).
	inferred   1 Adder/Subtractor(s).
Unit <StaticCounter> synthesized.


Synthesizing Unit <snake>.
    Related source file is "snake.v".
WARNING:Xst:647 - Input <shift> is never used. This port will be preserved and left unconnected if it belongs to a top-level block or it belongs to a sub-block and the hierarchy of this sub-block is preserved.
WARNING:Xst:653 - Signal <wea> is used but never assigned. This sourceless signal will be automatically connected to value 0.
WARNING:Xst:1780 - Signal <addrb_snake> is never used or assigned. This unconnected signal will be trimmed during the optimization process.
WARNING:Xst:653 - Signal <addrb> is used but never assigned. This sourceless signal will be automatically connected to value 0.
WARNING:Xst:646 - Signal <addra_snake> is assigned but never used. This unconnected signal will be trimmed during the optimization process.
WARNING:Xst:653 - Signal <addra> is used but never assigned. This sourceless signal will be automatically connected to value 0.
    Found 1-bit register for signal <self_col>.
    Found 1-bit register for signal <body_count_enable>.
    Found 11-bit register for signal <last_data>.
    Found 11-bit register for signal <last_head>.
    Found 2-bit register for signal <last_move>.
    Found 11-bit comparator not equal for signal <self_col$cmp_ne0000> created at line 109.
    Found 1-bit register for signal <write_active>.
    Found 5-bit register for signal <write_x>.
    Found 5-bit register for signal <write_y>.
    Summary:
	inferred  37 D-type flip-flop(s).
	inferred   1 Comparator(s).
Unit <snake> synthesized.


Synthesizing Unit <top>.
    Related source file is "top.v".
WARNING:Xst:1306 - Output <VSYNC> is never assigned.
WARNING:Xst:1306 - Output <OutBlue> is never assigned.
WARNING:Xst:647 - Input <PS2C> is never used. This port will be preserved and left unconnected if it belongs to a top-level block or it belongs to a sub-block and the hierarchy of this sub-block is preserved.
WARNING:Xst:647 - Input <PS2D> is never used. This port will be preserved and left unconnected if it belongs to a top-level block or it belongs to a sub-block and the hierarchy of this sub-block is preserved.
WARNING:Xst:1306 - Output <OutGreen> is never assigned.
WARNING:Xst:1306 - Output <OutRed> is never assigned.
WARNING:Xst:647 - Input <sw<7:1>> is never used. This port will be preserved and left unconnected if it belongs to a top-level block or it belongs to a sub-block and the hierarchy of this sub-block is preserved.
WARNING:Xst:1306 - Output <HSYNC> is never assigned.
WARNING:Xst:1306 - Output <Led> is never assigned.
WARNING:Xst:646 - Signal <y_snake> is assigned but never used. This unconnected signal will be trimmed during the optimization process.
WARNING:Xst:646 - Signal <x_snake> is assigned but never used. This unconnected signal will be trimmed during the optimization process.
WARNING:Xst:646 - Signal <game_over> is assigned but never used. This unconnected signal will be trimmed during the optimization process.
WARNING:Xst:646 - Signal <exists> is assigned but never used. This unconnected signal will be trimmed during the optimization process.
    Found 2-bit register for signal <move>.
    Found 4-bit comparator less for signal <move$cmp_lt0000> created at line 53.
    Found 4-bit comparator less for signal <move$cmp_lt0001> created at line 55.
    Found 4-bit comparator less for signal <move$cmp_lt0002> created at line 57.
    Summary:
	inferred   2 D-type flip-flop(s).
	inferred   3 Comparator(s).
Unit <top> synthesized.


=========================================================================
HDL Synthesis Report

Macro Statistics
# Adders/Subtractors                                   : 1
 11-bit adder                                          : 1
# Registers                                            : 19
 1-bit register                                        : 14
 11-bit register                                       : 2
 2-bit register                                        : 1
 5-bit register                                        : 2
# Comparators                                          : 4
 11-bit comparator not equal                           : 1
 4-bit comparator less                                 : 3

=========================================================================

=========================================================================
*                       Advanced HDL Synthesis                          *
=========================================================================

Reading core <ipcore_dir/snake_mem.ngc>.
Loading core <snake_mem> for timing and area information for instance <snake_mem_i>.

=========================================================================
Advanced HDL Synthesis Report

Macro Statistics
# Adders/Subtractors                                   : 1
 11-bit adder                                          : 1
# Registers                                            : 48
 Flip-Flops                                            : 48
# Comparators                                          : 4
 11-bit comparator not equal                           : 1
 4-bit comparator less                                 : 3

=========================================================================

=========================================================================
*                         Low Level Synthesis                           *
=========================================================================

Optimizing unit <top> ...

Optimizing unit <StaticCounter> ...

Optimizing unit <snake> ...
WARNING:Xst:2677 - Node <move_0> of sequential type is unconnected in block <top>.
WARNING:Xst:2677 - Node <move_1> of sequential type is unconnected in block <top>.
WARNING:Xst:2677 - Node <snake_i/last_head_10> of sequential type is unconnected in block <top>.
WARNING:Xst:2677 - Node <snake_i/last_head_9> of sequential type is unconnected in block <top>.
WARNING:Xst:2677 - Node <snake_i/last_head_8> of sequential type is unconnected in block <top>.
WARNING:Xst:2677 - Node <snake_i/last_head_7> of sequential type is unconnected in block <top>.
WARNING:Xst:2677 - Node <snake_i/last_head_6> of sequential type is unconnected in block <top>.
WARNING:Xst:2677 - Node <snake_i/last_head_5> of sequential type is unconnected in block <top>.
WARNING:Xst:2677 - Node <snake_i/last_head_4> of sequential type is unconnected in block <top>.
WARNING:Xst:2677 - Node <snake_i/last_head_3> of sequential type is unconnected in block <top>.
WARNING:Xst:2677 - Node <snake_i/last_head_2> of sequential type is unconnected in block <top>.
WARNING:Xst:2677 - Node <snake_i/last_head_1> of sequential type is unconnected in block <top>.
WARNING:Xst:2677 - Node <snake_i/last_head_0> of sequential type is unconnected in block <top>.
WARNING:Xst:2677 - Node <snake_i/self_col> of sequential type is unconnected in block <top>.

Mapping all equations...
Building and optimizing final netlist ...
Found area constraint ratio of 100 (+ 5) on block top, actual ratio is 1.

Final Macro Processing ...

=========================================================================
Final Register Report

Macro Statistics
# Registers                                            : 34
 Flip-Flops                                            : 34

=========================================================================

=========================================================================
*                           Partition Report                            *
=========================================================================

Partition Implementation Status
-------------------------------

  No Partitions were found in this design.

-------------------------------

=========================================================================
*                            Final Report                               *
=========================================================================
Final Results
RTL Top Level Output File Name     : top.ngr
Top Level Output File Name         : top
Output Format                      : NGC
Optimization Goal                  : Speed
Keep Hierarchy                     : No

Design Statistics
# IOs                              : 34

Cell Usage :
# BELS                             : 49
#      GND                         : 2
#      INV                         : 2
#      LUT1                        : 10
#      LUT2                        : 12
#      MUXCY                       : 10
#      VCC                         : 2
#      XORCY                       : 11
# FlipFlops/Latches                : 34
#      FDE                         : 11
#      FDR                         : 1
#      FDRE                        : 19
#      FDSE                        : 3
# RAMS                             : 1
#      RAMB16_S18_S18              : 1
# Clock Buffers                    : 1
#      BUFGP                       : 1
# IO Buffers                       : 1
#      IBUF                        : 1
=========================================================================

Device utilization summary:
---------------------------

Selected Device : 3s100ecp132-5 

 Number of Slices:                       19  out of    960     1%  
 Number of Slice Flip Flops:             34  out of   1920     1%  
 Number of 4 input LUTs:                 24  out of   1920     1%  
 Number of IOs:                          34
 Number of bonded IOBs:                   2  out of     83     2%  
 Number of BRAMs:                         1  out of      4    25%  
 Number of GCLKs:                         1  out of     24     4%  

---------------------------
Partition Resource Summary:
---------------------------

  No Partitions were found in this design.

---------------------------


=========================================================================
TIMING REPORT

NOTE: THESE TIMING NUMBERS ARE ONLY A SYNTHESIS ESTIMATE.
      FOR ACCURATE TIMING INFORMATION PLEASE REFER TO THE TRACE REPORT
      GENERATED AFTER PLACE-and-ROUTE.

Clock Information:
------------------
-----------------------------------+------------------------+-------+
Clock Signal                       | Clock buffer(FF name)  | Load  |
-----------------------------------+------------------------+-------+
mclk                               | BUFGP                  | 35    |
-----------------------------------+------------------------+-------+

Asynchronous Control Signals Information:
----------------------------------------
No asynchronous control signals found in this design

Timing Summary:
---------------
Speed Grade: -5

   Minimum period: 3.742ns (Maximum Frequency: 267.237MHz)
   Minimum input arrival time before clock: 4.317ns
   Maximum output required time after clock: No path found
   Maximum combinational path delay: No path found

Timing Detail:
--------------
All values displayed in nanoseconds (ns)

=========================================================================
Timing constraint: Default period analysis for Clock 'mclk'
  Clock period: 3.742ns (frequency: 267.237MHz)
  Total number of paths / destination ports: 144 / 78
-------------------------------------------------------------------------
Delay:               3.742ns (Levels of Logic = 2)
  Source:            snake_i/snake_mem_i/U0/xst_blk_mem_generator/gnativebmg.native_blk_mem_gen/valid.cstr/ramloop[0].ram.r/s3_noinit.ram/dpram.dp18x18.ram (RAM)
  Destination:       snake_i/last_data_10 (FF)
  Source Clock:      mclk rising
  Destination Clock: mclk rising

  Data Path: snake_i/snake_mem_i/U0/xst_blk_mem_generator/gnativebmg.native_blk_mem_gen/valid.cstr/ramloop[0].ram.r/s3_noinit.ram/dpram.dp18x18.ram to snake_i/last_data_10
                                Gate     Net
    Cell:in->out      fanout   Delay   Delay  Logical Name (Net Name)
    ----------------------------------------  ------------
     RAMB16_S18_S18:CLKB->DOB12    1   2.436   0.426  U0/xst_blk_mem_generator/gnativebmg.native_blk_mem_gen/valid.cstr/ramloop[0].ram.r/s3_noinit.ram/dpram.dp18x18.ram (doutb<10>)
     end scope: 'snake_i/snake_mem_i'
     LUT2:I1->O            1   0.612   0.000  snake_i/last_data_mux0000<10>1 (snake_i/last_data_mux0000<10>)
     FDE:D                     0.268          snake_i/last_data_10
    ----------------------------------------
    Total                      3.742ns (3.316ns logic, 0.426ns route)
                                       (88.6% logic, 11.4% route)

=========================================================================
Timing constraint: Default OFFSET IN BEFORE for Clock 'mclk'
  Total number of paths / destination ports: 34 / 34
-------------------------------------------------------------------------
Offset:              4.317ns (Levels of Logic = 2)
  Source:            sw<0> (PAD)
  Destination:       snake_i/snake_body_count/prePowerOfTwoGen.internalCount_8 (FF)
  Destination Clock: mclk rising

  Data Path: sw<0> to snake_i/snake_body_count/prePowerOfTwoGen.internalCount_8
                                Gate     Net
    Cell:in->out      fanout   Delay   Delay  Logical Name (Net Name)
    ----------------------------------------  ------------
     IBUF:I->O            13   1.106   0.988  sw_0_IBUF (sw_0_IBUF)
     LUT2:I0->O           12   0.612   0.817  snake_i/_or00001 (snake_i/_or0000)
     FDR:R                     0.795          snake_i/body_count_enable
    ----------------------------------------
    Total                      4.317ns (2.513ns logic, 1.804ns route)
                                       (58.2% logic, 41.8% route)

=========================================================================


Total REAL time to Xst completion: 5.00 secs
Total CPU time to Xst completion: 5.41 secs
 
--> 

Total memory usage is 269504 kilobytes

Number of errors   :    0 (   0 filtered)
Number of warnings :   37 (   0 filtered)
Number of infos    :    0 (   0 filtered)

